// Jest Snapshot v1, https://goo.gl/fbAQLP

exports[`environment incomplete fails on missing variable 1`] = `
"
Incomplete environment setup:

	 • Missing \\"POSTGRES_ADMIN_USER\\". Postgres connection requires admin account.
	 • Missing \\"POSTGRES_ADMIN_PASSWORD\\". Postgres connection requires admin password.
	 • Missing \\"DATABASE\\". Postgres connection requires database.
	 • Missing \\"DATABASE_ADDRESS\\". Postgres connection requires address.
	 • Missing \\"DATABASE_PORT\\". Postgres connection requires port.
	 • Missing \\"API_PORT\\". API requires a port.
    "
`;
